// Jest Snapshot v1, https://goo.gl/fbAQLP

exports[`test the app container whole app is rendered without failing 1`] = `
<DocumentFragment>
  <div
    class="App"
  >
    <div
      class="ui inverted segment"
    >
      <div
        class="ui inverted pointing secondary menu"
      >
        <div
          class="active item"
        >
          Home
        </div>
        <div
          class="item"
        >
          <a
            href="https://t.me/AdityaMitra"
            rel="noopener noreferrer"
            target="_blank"
          >
            Report a Bug
          </a>
        </div>
        <div
          class="right item"
        >
          <button
            class="ui olive inverted button"
            style="margin-right: 2rem;"
          >
            Show Guide
          </button>
          <div
            class="ui checked fitted toggle checkbox"
          >
            <input
              checked=""
              class="hidden"
              readonly=""
              tabindex="0"
              type="checkbox"
              value=""
            />
            <label />
          </div>
          <span
            style="margin-left: 1rem;"
          >
            <div
              class="ui violet horizontal label"
            >
              Dark Mode
            </div>
          </span>
        </div>
      </div>
    </div>
    <div
      class="ui inverted stackable grid mainer"
    >
      <div
        class="one column row"
      >
        <div
          class="column"
        >
          <h1>
            Control Panel
          </h1>
          <em
            style="margin-bottom: 1rem;"
          >
            Most of the values are in px
          </em>
          <div
            class="main container"
          >
            <div
              class="ui inverted raised segment"
            >
              <div
                class="ui inverted stackable divided four column grid"
              >
                <div
                  class="row"
                >
                  <div
                    class="column"
                  >
                    <div
                      class="controlpanel font"
                    >
                      <h2>
                        Font
                      </h2>
                      <div
                        class="ui doubling inverted grid"
                      >
                        <div
                          class="one column row"
                        >
                          <div
                            class="column"
                          >
                            Font Family
                            <input
                              accept=".ttf,.otf"
                              style="margin-left: 1rem;"
                              type="file"
                            />
                          </div>
                        </div>
                        <div
                          class="two column row"
                        >
                          <div
                            class="column"
                          >
                            Font Size
                            <input
                              min="0"
                              type="number"
                              value="10"
                            />
                          </div>
                          <div
                            class="column"
                          >
                            Randomize Value
                            <input
                              max="30"
                              min="0"
                              style="width: 3rem;"
                              type="number"
                              value="0"
                            />
                          </div>
                        </div>
                        <div
                          class="two column row"
                        >
                          <div
                            class="column"
                          >
                            Ink Colour
                            <div
                              class="ui inverted input"
                              style="margin-left: 1rem;"
                            >
                              <input
                                type="color"
                              />
                            </div>
                          </div>
                          <div
                            class="column"
                          >
                            Font Weight
                            <div
                              aria-expanded="false"
                              class="ui dropdown"
                              role="listbox"
                              style="margin-left: 2rem;"
                              tabindex="0"
                            >
                              <div
                                aria-atomic="true"
                                aria-live="polite"
                                class="divider default text"
                                role="alert"
                              >
                                Select Font Weight
                              </div>
                              <i
                                aria-hidden="true"
                                class="dropdown icon"
                              />
                              <div
                                class="menu transition"
                              >
                                <div
                                  aria-checked="false"
                                  aria-selected="true"
                                  class="selected item"
                                  role="option"
                                  style="pointer-events: all;"
                                >
                                  <span
                                    class="text"
                                  >
                                    normal
                                  </span>
                                </div>
                                <div
                                  aria-checked="false"
                                  aria-selected="false"
                                  class="item"
                                  role="option"
                                  style="pointer-events: all;"
                                >
                                  <span
                                    class="text"
                                  >
                                    light
                                  </span>
                                </div>
                                <div
                                  aria-checked="false"
                                  aria-selected="false"
                                  class="item"
                                  role="option"
                                  style="pointer-events: all;"
                                >
                                  <span
                                    class="text"
                                  >
                                    lighter
                                  </span>
                                </div>
                                <div
                                  aria-checked="false"
                                  aria-selected="false"
                                  class="item"
                                  role="option"
                                  style="pointer-events: all;"
                                >
                                  <span
                                    class="text"
                                  >
                                    bold
                                  </span>
                                </div>
                                <div
                                  aria-checked="false"
                                  aria-selected="false"
                                  class="item"
                                  role="option"
                                  style="pointer-events: all;"
                                >
                                  <span
                                    class="text"
                                  >
                                    bolder
                                  </span>
                                </div>
                              </div>
                            </div>
                          </div>
                        </div>
                        <div
                          class="one column row"
                        >
                          <div
                            class="column"
                          >
                            Word Rotation (in degs)
                            <br />
                            <input
                              max="10"
                              min="0"
                              step="0.1"
                              type="number"
                              value="0"
                            />
                          </div>
                        </div>
                      </div>
                    </div>
                  </div>
                  <div
                    class="column"
                  >
                    <div
                      class="controlpanel margin"
                    >
                      <h2>
                        Margin
                      </h2>
                      <div
                        class="ui inverted stretched two column grid"
                      >
                        <div
                          class="row"
                        >
                          <div
                            class="column"
                          >
                            Left
                            <input
                              type="number"
                              value="1"
                            />
                          </div>
                          <div
                            class="column"
                          >
                            Right
                            <input
                              type="number"
                              value="1"
                            />
                          </div>
                        </div>
                        <div
                          class="row"
                        >
                          <div
                            class="column"
                          >
                            Top
                            <input
                              type="number"
                              value="1"
                            />
                          </div>
                        </div>
                        <div
                          class="row"
                        >
                          <div
                            class="column"
                          >
                            <div
                              class="controlpanel inline"
                            >
                              Page Content Height
                              <input
                                max="700"
                                min="0"
                                type="number"
                                value="550"
                              />
                            </div>
                          </div>
                        </div>
                        <div
                          class="row"
                        >
                          <div
                            class="column"
                          >
                            <span>
                              Use Paper Lines
                              <div
                                class="ui fitted checkbox"
                                style="margin-left: 0.5rem;"
                              >
                                <input
                                  class="hidden"
                                  readonly=""
                                  tabindex="0"
                                  type="checkbox"
                                  value=""
                                />
                                <label />
                              </div>
                            </span>
                          </div>
                        </div>
                      </div>
                    </div>
                  </div>
                  <div
                    class="column"
                  >
                    <div
                      class="controlpanel spacing"
                    >
                      <h2>
                        Spacing
                      </h2>
                      <div
                        class="ui inverted stackable two column grid"
                      >
                        <div
                          class="row"
                        >
                          <div
                            class="column"
                          >
                            Word Spacing
                            <input
                              style="margin-left: 1rem;"
                              type="number"
                              value="4"
                            />
                          </div>
                        </div>
                        <div
                          class="row"
                        >
                          <div
                            class="column"
                          >
                            Letter Spacing
                            <input
                              style="margin-left: 1rem;"
                              type="number"
                              value="1"
                            />
                          </div>
                        </div>
                        <div
                          class="row"
                        >
                          <div
                            class="column"
                          >
                            Line Height
                            <input
                              step="0.1"
                              style="margin-left: 1rem;"
                              type="number"
                              value="1.1"
                            />
                          </div>
                        </div>
                      </div>
                    </div>
                  </div>
                  <div
                    class="column"
                  >
                    <div
                      class="controlpanel extras"
                    >
                      <h2>
                        Extras
                      </h2>
                      Background Image
                      <span>
                        <input
                          accept=".jpg,.jpeg,.png"
                          type="file"
                        />
                        <button
                          class="ui mini circular icon inverted button"
                          style="margin-left: 0.2rem;"
                        >
                          <i
                            aria-hidden="true"
                            class="repeat icon"
                          />
                        </button>
                      </span>
                      <div
                        style="margin: 10px 0px;"
                      />
                      Resolution Scale
                      <input
                        max="4"
                        min="0.8"
                        step="0.1"
                        style="display: block; appearance: none;"
                        type="number"
                        value="2"
                      />
                      <div
                        style="margin: 1rem;"
                      >
                        Use Shadow Effect
                        <div
                          class="ui checked fitted slider checkbox"
                          style="margin-left: 1rem;"
                        >
                          <input
                            checked=""
                            class="hidden"
                            readonly=""
                            tabindex="0"
                            type="checkbox"
                            value=""
                          />
                          <label />
                        </div>
                      </div>
                      <div
                        style="margin: 1rem;"
                      >
                        Preserve Indentation
                        <div
                          class="ui checked fitted checkbox"
                          style="margin-left: 1rem;"
                        >
                          <input
                            checked=""
                            class="hidden"
                            readonly=""
                            tabindex="0"
                            type="checkbox"
                            value=""
                          />
                          <label />
                        </div>
                      </div>
                      <button
                        class="ui big icon inverted button"
                      >
                        <i
                          aria-hidden="true"
                          class="repeat icon"
                        />
                      </button>
                      <br />
                    </div>
                  </div>
                </div>
              </div>
            </div>
          </div>
        </div>
      </div>
      <div
        class="two column row"
        style="margin: 1rem;"
      >
        <div
          class="column"
        >
          <div
            class="ui inverted piled secondary segment"
          >
            <h1>
              Generated
            </h1>
            <div
              style="color: black;"
            >
              <div
                class="generated container"
                id="page-container"
              >
                <div
                  class="generated core"
                  data-testid="page-content"
                  id="page-content"
                  style="font-family: Homemade Apple, cursive; font-weight: 400; font-size: 10px; color: rgb(0, 15, 85); margin-left: 1rem; margin-right: 1rem; margin-top: 1rem; word-spacing: 4px; letter-spacing: 1px; line-height: 1.1;"
                />
                <div
                  class="generated overlay"
                  id="overlay"
                />
              </div>
            </div>
          </div>
        </div>
        <div
          class="column"
        >
          <div
            class="ui inverted raised stacked segment"
          >
            <h1>
              Text Area
            </h1>
            <form
              class="ui form"
            >
              <div
                class="text-area container"
              >
                <textarea
                  class="text-area core"
                  placedholder="type your text here"
                  rows="3"
                />
              </div>
            </form>
          </div>
        </div>
      </div>
      <div
        class="stretched row"
      >
        <div
          class="column"
        >
          <div
            style="margin: 1rem; padding: 1rem;"
          >
            <div
              class="ui grid"
            >
              <div
                class="center aligned row"
              >
                <div
                  class="center aligned column"
                >
                  <div
                    class="ui inverted segment"
                  >
                    <button
                      data-testid="generate-button"
                      id="generate-button"
                    >
                      GENERATE
                    </button>
                  </div>
                </div>
              </div>
              <div
                class="stretched one column row"
                style="margin: 0px 1rem;"
              >
                <div
                  class="column"
                >
                  <h3>
                    Showing output here
                  </h3>
                  <div
                    class="outputarea"
                  >
                    <div
                      class="ui active indicating inverted progress"
                      data-percent="0"
                    >
                      <div
                        class="bar"
                        style="width: 0%;"
                      />
                      <div
                        class="label"
                      >
                        Start Generating Images
                      </div>
                    </div>
                  </div>
                </div>
              </div>
            </div>
          </div>
        </div>
      </div>
    </div>
  </div>
</DocumentFragment>
`;
