// Jest Snapshot v1, https://goo.gl/fbAQLP

exports[`test the generated container and its functionalities |  renders and matches snapshot 1`] = `
<div
  className="generated container"
  id="page-container"
>
  <div
    className="generated core"
    dangerouslySetInnerHTML={
      Object {
        "__html": "text inside generated container",
      }
    }
    id="page-content"
    style={
      Object {
        "color": "rgb(0, 15, 85)",
        "fontFamily": "cursive",
        "fontSize": "10px",
        "fontWeight": 400,
        "letterSpacing": "1px",
        "lineHeight": 1.1,
        "marginLeft": "1rem",
        "marginRight": "1rem",
        "marginTop": "1rem",
        "wordSpacing": "4px",
      }
    }
  />
  <div
    className="generated overlay"
    id="overlay"
  />
</div>
`;

exports[`test the text area container and it functionalities |  renders and matches snapshot 1`] = `
"<form class=\\"ui form\\"><div class=\\"text-area container\\"><textarea placedholder=\\"type your text here\\" class=\\"text-area core\\" rows=\\"3\\">Jest is a delightful JavaScript Testing Framework with a focus on simplicity.

It works with projects using: Babel, TypeScript, Node, React, Angular, Vue and more!

Jest is a JavaScript testing framework designed to ensure correctness of any JavaScript codebase. It allows you to write tests with an approachable, familiar and feature-rich API that gives you results quickly.

Jest is well-documented, requires little configuration and can be extended to match your requirements.

Jest makes testing delightful.
</textarea></div></form>"
`;

exports[`test the whole editor container and its functionalities |  changes the content of the editor container when text container changes 1`] = `
"<div class=\\"column\\"><div class=\\"ui inverted piled secondary segment\\"><h1>Generated</h1><div style=\\"color: black;\\"><div class=\\"generated container\\" id=\\"page-container\\"><div class=\\"generated core\\" id=\\"page-content\\" style=\\"font-family: cursive; font-weight: 400; font-size: 10px; color: rgb(0, 15, 85); margin-left: 1rem; margin-right: 1rem; margin-top: 1rem; word-spacing: 4px; letter-spacing: 1px; line-height: 1.1;\\">Jest is a delightful JavaScript Testing Framework with a focus on simplicity.

It works with projects using: Babel, TypeScript, Node, React, Angular, Vue and more!

Jest is a JavaScript testing framework designed to ensure correctness of any JavaScript codebase. It allows you to write tests with an approachable, familiar and feature-rich API that gives you results quickly.

Jest is well-documented, requires little configuration and can be extended to match your requirements.

Jest makes testing delightful.
</div><div id=\\"overlay\\" class=\\"generated overlay\\"></div></div></div></div></div><div class=\\"column\\"><div class=\\"ui inverted raised stacked segment\\"><h1>Text Area</h1><form class=\\"ui form\\"><div class=\\"text-area container\\"><textarea placedholder=\\"type your text here\\" class=\\"text-area core\\" rows=\\"3\\">Jest is a delightful JavaScript Testing Framework with a focus on simplicity.

It works with projects using: Babel, TypeScript, Node, React, Angular, Vue and more!

Jest is a JavaScript testing framework designed to ensure correctness of any JavaScript codebase. It allows you to write tests with an approachable, familiar and feature-rich API that gives you results quickly.

Jest is well-documented, requires little configuration and can be extended to match your requirements.

Jest makes testing delightful.
</textarea></div></form></div></div>"
`;

exports[`test the whole editor container and its functionalities |  renders and matches snapshot 1`] = `"<div class=\\"column\\"><div class=\\"ui inverted piled secondary segment\\"><h1>Generated</h1><div style=\\"color: black;\\"><div class=\\"generated container\\" id=\\"page-container\\"><div class=\\"generated core\\" id=\\"page-content\\" style=\\"font-family: cursive; font-weight: 400; font-size: 10px; color: rgb(0, 15, 85); margin-left: 1rem; margin-right: 1rem; margin-top: 1rem; word-spacing: 4px; letter-spacing: 1px; line-height: 1.1;\\"></div><div id=\\"overlay\\" class=\\"generated overlay\\"></div></div></div></div></div><div class=\\"column\\"><div class=\\"ui inverted raised stacked segment\\"><h1>Text Area</h1><form class=\\"ui form\\"><div class=\\"text-area container\\"><textarea placedholder=\\"type your text here\\" class=\\"text-area core\\" rows=\\"3\\"></textarea></div></form></div></div>"`;
